// Jest Snapshot v1, https://goo.gl/fbAQLP

exports[`ButtonTests Should match snapshot 1`] = `
Object {
  "instance": null,
  "nodeType": "component",
  "props": Object {
    "children": "ADD counter",
    "colorScheme": "green",
    "variant": "ghost",
  },
  "rendered": Object {
    "instance": null,
    "nodeType": "host",
    "props": Object {
      "children": "ADD counter",
      "className": "btn green ghost",
      "data-testid": "cbtn",
      "onClick": undefined,
    },
    "rendered": Array [
      "ADD counter",
    ],
    "type": "button",
  },
  "type": [Function],
}
`;
